2026-05-18 15:30:55.978 [TestNG-tests-2] INFO  com.cognizant.project.listeners.TestListener - ===== Suite Started : Chrome - TestNG Tests =====
2026-05-18 15:30:55.978 [TestNG-tests-1] INFO  com.cognizant.project.listeners.TestListener - ===== Suite Started : Chrome - Cucumber BDD Tests =====
2026-05-18 15:30:56.890 [TestNG-PoolService-4] INFO  com.cognizant.project.listeners.TestListener - Test Started  : runScenario
2026-05-18 15:30:56.890 [TestNG-PoolService-3] INFO  com.cognizant.project.listeners.TestListener - Test Started  : runScenario
2026-05-18 15:30:56.890 [TestNG-PoolService-1] INFO  com.cognizant.project.listeners.TestListener - Test Started  : runScenario
2026-05-18 15:30:56.890 [TestNG-PoolService-2] INFO  com.cognizant.project.listeners.TestListener - Test Started  : runScenario
2026-05-18 15:30:56.890 [TestNG-PoolService-5] INFO  com.cognizant.project.listeners.TestListener - Test Started  : runScenario
2026-05-18 15:30:57.336 [TestNG-PoolService-4] ERROR com.cognizant.project.listeners.TestListener - Test FAILED   : runScenario | Reason: The step 'the user is on the Practo home page' and 5 other step(s) are undefined.
You can implement these steps using the snippet(s) below:

@Given("the user is on the Practo home page")
public void the_user_is_on_the_practo_home_page() {
    // Write code here that turns the phrase above into concrete actions
    throw new io.cucumber.java.PendingException();
}
@When("the user navigates back to the home page")
public void the_user_navigates_back_to_the_home_page() {
    // Write code here that turns the phrase above into concrete actions
    throw new io.cucumber.java.PendingException();
}
@When("the user clicks on {string}")
public void the_user_clicks_on(String string) {
    // Write code here that turns the phrase above into concrete actions
    throw new io.cucumber.java.PendingException();
}
@Then("the diagnostic page should be displayed")
public void the_diagnostic_page_should_be_displayed() {
    // Write code here that turns the phrase above into concrete actions
    throw new io.cucumber.java.PendingException();
}
@Then("the user retrieves the list of top cities")
public void the_user_retrieves_the_list_of_top_cities() {
    // Write code here that turns the phrase above into concrete actions
    throw new io.cucumber.java.PendingException();
}
@Then("the top cities list should not be empty")
public void the_top_cities_list_should_not_be_empty() {
    // Write code here that turns the phrase above into concrete actions
    throw new io.cucumber.java.PendingException();
}

2026-05-18 15:30:57.336 [TestNG-PoolService-3] ERROR com.cognizant.project.listeners.TestListener - Test FAILED   : runScenario | Reason: The step 'the user is on the Practo home page' and 5 other step(s) are undefined.
You can implement these steps using the snippet(s) below:

@Given("the user is on the Practo home page")
public void the_user_is_on_the_practo_home_page() {
    // Write code here that turns the phrase above into concrete actions
    throw new io.cucumber.java.PendingException();
}
@When("the user clicks on the Corporate Wellness link")
public void the_user_clicks_on_the_corporate_wellness_link() {
    // Write code here that turns the phrase above into concrete actions
    throw new io.cucumber.java.PendingException();
}
@Then("a new tab should open with the corporate wellness page")
public void a_new_tab_should_open_with_the_corporate_wellness_page() {
    // Write code here that turns the phrase above into concrete actions
    throw new io.cucumber.java.PendingException();
}
@Then("the page title should contain {string}")
public void the_page_title_should_contain(String string) {
    // Write code here that turns the phrase above into concrete actions
    throw new io.cucumber.java.PendingException();
}
@When("the user fills in the form with the following details")
public void the_user_fills_in_the_form_with_the_following_details(io.cucumber.datatable.DataTable dataTable) {
    // Write code here that turns the phrase above into concrete actions
    // For automatic transformation, change DataTable to one of
    // E, List<E>, List<List<E>>, List<Map<K,V>>, Map<K,V> or
    // Map<K, List<V>>. E,K,V must be a String, Integer, Float,
    // Double, Byte, Short, Long, BigInteger or BigDecimal.
    //
    // For other transformations you can register a DataTableType.
    throw new io.cucumber.java.PendingException();
}
@Then("the submit button should be disabled")
public void the_submit_button_should_be_disabled() {
    // Write code here that turns the phrase above into concrete actions
    throw new io.cucumber.java.PendingException();
}

2026-05-18 15:30:57.336 [TestNG-PoolService-2] ERROR com.cognizant.project.listeners.TestListener - Test FAILED   : runScenario | Reason: The step 'the user is on the Practo home page' and 5 other step(s) are undefined.
You can implement these steps using the snippet(s) below:

@Given("the user is on the Practo home page")
public void the_user_is_on_the_practo_home_page() {
    // Write code here that turns the phrase above into concrete actions
    throw new io.cucumber.java.PendingException();
}
@When("the user clicks on the Corporate Wellness link")
public void the_user_clicks_on_the_corporate_wellness_link() {
    // Write code here that turns the phrase above into concrete actions
    throw new io.cucumber.java.PendingException();
}
@Then("a new tab should open with the corporate wellness page")
public void a_new_tab_should_open_with_the_corporate_wellness_page() {
    // Write code here that turns the phrase above into concrete actions
    throw new io.cucumber.java.PendingException();
}
@Then("the page title should contain {string}")
public void the_page_title_should_contain(String string) {
    // Write code here that turns the phrase above into concrete actions
    throw new io.cucumber.java.PendingException();
}
@When("the user fills in the form with the following details")
public void the_user_fills_in_the_form_with_the_following_details(io.cucumber.datatable.DataTable dataTable) {
    // Write code here that turns the phrase above into concrete actions
    // For automatic transformation, change DataTable to one of
    // E, List<E>, List<List<E>>, List<Map<K,V>>, Map<K,V> or
    // Map<K, List<V>>. E,K,V must be a String, Integer, Float,
    // Double, Byte, Short, Long, BigInteger or BigDecimal.
    //
    // For other transformations you can register a DataTableType.
    throw new io.cucumber.java.PendingException();
}
@Then("the submit button should be disabled")
public void the_submit_button_should_be_disabled() {
    // Write code here that turns the phrase above into concrete actions
    throw new io.cucumber.java.PendingException();
}

2026-05-18 15:30:57.336 [TestNG-PoolService-1] ERROR com.cognizant.project.listeners.TestListener - Test FAILED   : runScenario | Reason: The step 'the user is on the Practo home page' and 6 other step(s) are undefined.
You can implement these steps using the snippet(s) below:

@Given("the user is on the Practo home page")
public void the_user_is_on_the_practo_home_page() {
    // Write code here that turns the phrase above into concrete actions
    throw new io.cucumber.java.PendingException();
}
@When("the user clicks on the Corporate Wellness link")
public void the_user_clicks_on_the_corporate_wellness_link() {
    // Write code here that turns the phrase above into concrete actions
    throw new io.cucumber.java.PendingException();
}
@Then("a new tab should open with the corporate wellness page")
public void a_new_tab_should_open_with_the_corporate_wellness_page() {
    // Write code here that turns the phrase above into concrete actions
    throw new io.cucumber.java.PendingException();
}
@Then("the page title should contain {string}")
public void the_page_title_should_contain(String string) {
    // Write code here that turns the phrase above into concrete actions
    throw new io.cucumber.java.PendingException();
}
@When("the user fills in the form with the following details")
public void the_user_fills_in_the_form_with_the_following_details(io.cucumber.datatable.DataTable dataTable) {
    // Write code here that turns the phrase above into concrete actions
    // For automatic transformation, change DataTable to one of
    // E, List<E>, List<List<E>>, List<Map<K,V>>, Map<K,V> or
    // Map<K, List<V>>. E,K,V must be a String, Integer, Float,
    // Double, Byte, Short, Long, BigInteger or BigDecimal.
    //
    // For other transformations you can register a DataTableType.
    throw new io.cucumber.java.PendingException();
}
@Then("the submit button state should be determined")
public void the_submit_button_state_should_be_determined() {
    // Write code here that turns the phrase above into concrete actions
    throw new io.cucumber.java.PendingException();
}
@Then("the form interaction should complete successfully")
public void the_form_interaction_should_complete_successfully() {
    // Write code here that turns the phrase above into concrete actions
    throw new io.cucumber.java.PendingException();
}

2026-05-18 15:30:57.341 [TestNG-PoolService-5] ERROR com.cognizant.project.listeners.TestListener - Test FAILED   : runScenario | Reason: The step 'the user is on the Practo home page' and 5 other step(s) are undefined.
You can implement these steps using the snippet(s) below:

@Given("the user is on the Practo home page")
public void the_user_is_on_the_practo_home_page() {
    // Write code here that turns the phrase above into concrete actions
    throw new io.cucumber.java.PendingException();
}
@When("the user searches for location {string}")
public void the_user_searches_for_location(String string) {
    // Write code here that turns the phrase above into concrete actions
    throw new io.cucumber.java.PendingException();
}
@When("the user searches for service {string}")
public void the_user_searches_for_service(String string) {
    // Write code here that turns the phrase above into concrete actions
    throw new io.cucumber.java.PendingException();
}
@Then("the hospital listing page should be displayed")
public void the_hospital_listing_page_should_be_displayed() {
    // Write code here that turns the phrase above into concrete actions
    throw new io.cucumber.java.PendingException();
}
@Then("the user retrieves hospitals with parking and rating above {double}")
public void the_user_retrieves_hospitals_with_parking_and_rating_above(Double double1) {
    // Write code here that turns the phrase above into concrete actions
    throw new io.cucumber.java.PendingException();
}
@Then("the hospital list should be displayed successfully")
public void the_hospital_list_should_be_displayed_successfully() {
    // Write code here that turns the phrase above into concrete actions
    throw new io.cucumber.java.PendingException();
}

2026-05-18 15:30:58.253 [TestNG-tests-1] INFO  com.cognizant.project.listeners.TestListener - ===== Suite Finished : Chrome - Cucumber BDD Tests =====
2026-05-18 15:30:58.253 [TestNG-tests-1] INFO  com.cognizant.project.listeners.TestListener - Passed: 0 | Failed: 5 | Skipped: 0
2026-05-18 15:30:58.310 [TestNG-tests-1] INFO  com.cognizant.project.listeners.TestListener - ===== Suite Started : Edge - Cucumber BDD Tests =====
2026-05-18 15:30:58.343 [TestNG-PoolService-1] INFO  com.cognizant.project.listeners.TestListener - Test Started  : runScenario
2026-05-18 15:30:58.343 [TestNG-PoolService-2] INFO  com.cognizant.project.listeners.TestListener - Test Started  : runScenario
2026-05-18 15:30:58.344 [TestNG-PoolService-4] INFO  com.cognizant.project.listeners.TestListener - Test Started  : runScenario
2026-05-18 15:30:58.344 [TestNG-PoolService-5] INFO  com.cognizant.project.listeners.TestListener - Test Started  : runScenario
2026-05-18 15:30:58.348 [TestNG-PoolService-3] INFO  com.cognizant.project.listeners.TestListener - Test Started  : runScenario
2026-05-18 15:30:58.413 [TestNG-PoolService-2] ERROR com.cognizant.project.listeners.TestListener - Test FAILED   : runScenario | Reason: The step 'the user is on the Practo home page' and 5 other step(s) are undefined.
You can implement these steps using the snippet(s) below:

@Given("the user is on the Practo home page")
public void the_user_is_on_the_practo_home_page() {
    // Write code here that turns the phrase above into concrete actions
    throw new io.cucumber.java.PendingException();
}
@When("the user clicks on the Corporate Wellness link")
public void the_user_clicks_on_the_corporate_wellness_link() {
    // Write code here that turns the phrase above into concrete actions
    throw new io.cucumber.java.PendingException();
}
@Then("a new tab should open with the corporate wellness page")
public void a_new_tab_should_open_with_the_corporate_wellness_page() {
    // Write code here that turns the phrase above into concrete actions
    throw new io.cucumber.java.PendingException();
}
@Then("the page title should contain {string}")
public void the_page_title_should_contain(String string) {
    // Write code here that turns the phrase above into concrete actions
    throw new io.cucumber.java.PendingException();
}
@When("the user fills in the form with the following details")
public void the_user_fills_in_the_form_with_the_following_details(io.cucumber.datatable.DataTable dataTable) {
    // Write code here that turns the phrase above into concrete actions
    // For automatic transformation, change DataTable to one of
    // E, List<E>, List<List<E>>, List<Map<K,V>>, Map<K,V> or
    // Map<K, List<V>>. E,K,V must be a String, Integer, Float,
    // Double, Byte, Short, Long, BigInteger or BigDecimal.
    //
    // For other transformations you can register a DataTableType.
    throw new io.cucumber.java.PendingException();
}
@Then("the submit button should be disabled")
public void the_submit_button_should_be_disabled() {
    // Write code here that turns the phrase above into concrete actions
    throw new io.cucumber.java.PendingException();
}

2026-05-18 15:30:58.422 [TestNG-PoolService-3] ERROR com.cognizant.project.listeners.TestListener - Test FAILED   : runScenario | Reason: The step 'the user is on the Practo home page' and 5 other step(s) are undefined.
You can implement these steps using the snippet(s) below:

@Given("the user is on the Practo home page")
public void the_user_is_on_the_practo_home_page() {
    // Write code here that turns the phrase above into concrete actions
    throw new io.cucumber.java.PendingException();
}
@When("the user clicks on the Corporate Wellness link")
public void the_user_clicks_on_the_corporate_wellness_link() {
    // Write code here that turns the phrase above into concrete actions
    throw new io.cucumber.java.PendingException();
}
@Then("a new tab should open with the corporate wellness page")
public void a_new_tab_should_open_with_the_corporate_wellness_page() {
    // Write code here that turns the phrase above into concrete actions
    throw new io.cucumber.java.PendingException();
}
@Then("the page title should contain {string}")
public void the_page_title_should_contain(String string) {
    // Write code here that turns the phrase above into concrete actions
    throw new io.cucumber.java.PendingException();
}
@When("the user fills in the form with the following details")
public void the_user_fills_in_the_form_with_the_following_details(io.cucumber.datatable.DataTable dataTable) {
    // Write code here that turns the phrase above into concrete actions
    // For automatic transformation, change DataTable to one of
    // E, List<E>, List<List<E>>, List<Map<K,V>>, Map<K,V> or
    // Map<K, List<V>>. E,K,V must be a String, Integer, Float,
    // Double, Byte, Short, Long, BigInteger or BigDecimal.
    //
    // For other transformations you can register a DataTableType.
    throw new io.cucumber.java.PendingException();
}
@Then("the submit button should be disabled")
public void the_submit_button_should_be_disabled() {
    // Write code here that turns the phrase above into concrete actions
    throw new io.cucumber.java.PendingException();
}

2026-05-18 15:30:58.424 [TestNG-PoolService-5] ERROR com.cognizant.project.listeners.TestListener - Test FAILED   : runScenario | Reason: The step 'the user is on the Practo home page' and 5 other step(s) are undefined.
You can implement these steps using the snippet(s) below:

@Given("the user is on the Practo home page")
public void the_user_is_on_the_practo_home_page() {
    // Write code here that turns the phrase above into concrete actions
    throw new io.cucumber.java.PendingException();
}
@When("the user searches for location {string}")
public void the_user_searches_for_location(String string) {
    // Write code here that turns the phrase above into concrete actions
    throw new io.cucumber.java.PendingException();
}
@When("the user searches for service {string}")
public void the_user_searches_for_service(String string) {
    // Write code here that turns the phrase above into concrete actions
    throw new io.cucumber.java.PendingException();
}
@Then("the hospital listing page should be displayed")
public void the_hospital_listing_page_should_be_displayed() {
    // Write code here that turns the phrase above into concrete actions
    throw new io.cucumber.java.PendingException();
}
@Then("the user retrieves hospitals with parking and rating above {double}")
public void the_user_retrieves_hospitals_with_parking_and_rating_above(Double double1) {
    // Write code here that turns the phrase above into concrete actions
    throw new io.cucumber.java.PendingException();
}
@Then("the hospital list should be displayed successfully")
public void the_hospital_list_should_be_displayed_successfully() {
    // Write code here that turns the phrase above into concrete actions
    throw new io.cucumber.java.PendingException();
}

2026-05-18 15:30:58.424 [TestNG-PoolService-1] ERROR com.cognizant.project.listeners.TestListener - Test FAILED   : runScenario | Reason: The step 'the user is on the Practo home page' and 6 other step(s) are undefined.
You can implement these steps using the snippet(s) below:

@Given("the user is on the Practo home page")
public void the_user_is_on_the_practo_home_page() {
    // Write code here that turns the phrase above into concrete actions
    throw new io.cucumber.java.PendingException();
}
@When("the user clicks on the Corporate Wellness link")
public void the_user_clicks_on_the_corporate_wellness_link() {
    // Write code here that turns the phrase above into concrete actions
    throw new io.cucumber.java.PendingException();
}
@Then("a new tab should open with the corporate wellness page")
public void a_new_tab_should_open_with_the_corporate_wellness_page() {
    // Write code here that turns the phrase above into concrete actions
    throw new io.cucumber.java.PendingException();
}
@Then("the page title should contain {string}")
public void the_page_title_should_contain(String string) {
    // Write code here that turns the phrase above into concrete actions
    throw new io.cucumber.java.PendingException();
}
@When("the user fills in the form with the following details")
public void the_user_fills_in_the_form_with_the_following_details(io.cucumber.datatable.DataTable dataTable) {
    // Write code here that turns the phrase above into concrete actions
    // For automatic transformation, change DataTable to one of
    // E, List<E>, List<List<E>>, List<Map<K,V>>, Map<K,V> or
    // Map<K, List<V>>. E,K,V must be a String, Integer, Float,
    // Double, Byte, Short, Long, BigInteger or BigDecimal.
    //
    // For other transformations you can register a DataTableType.
    throw new io.cucumber.java.PendingException();
}
@Then("the submit button state should be determined")
public void the_submit_button_state_should_be_determined() {
    // Write code here that turns the phrase above into concrete actions
    throw new io.cucumber.java.PendingException();
}
@Then("the form interaction should complete successfully")
public void the_form_interaction_should_complete_successfully() {
    // Write code here that turns the phrase above into concrete actions
    throw new io.cucumber.java.PendingException();
}

2026-05-18 15:30:58.424 [TestNG-PoolService-4] ERROR com.cognizant.project.listeners.TestListener - Test FAILED   : runScenario | Reason: The step 'the user is on the Practo home page' and 5 other step(s) are undefined.
You can implement these steps using the snippet(s) below:

@Given("the user is on the Practo home page")
public void the_user_is_on_the_practo_home_page() {
    // Write code here that turns the phrase above into concrete actions
    throw new io.cucumber.java.PendingException();
}
@When("the user navigates back to the home page")
public void the_user_navigates_back_to_the_home_page() {
    // Write code here that turns the phrase above into concrete actions
    throw new io.cucumber.java.PendingException();
}
@When("the user clicks on {string}")
public void the_user_clicks_on(String string) {
    // Write code here that turns the phrase above into concrete actions
    throw new io.cucumber.java.PendingException();
}
@Then("the diagnostic page should be displayed")
public void the_diagnostic_page_should_be_displayed() {
    // Write code here that turns the phrase above into concrete actions
    throw new io.cucumber.java.PendingException();
}
@Then("the user retrieves the list of top cities")
public void the_user_retrieves_the_list_of_top_cities() {
    // Write code here that turns the phrase above into concrete actions
    throw new io.cucumber.java.PendingException();
}
@Then("the top cities list should not be empty")
public void the_top_cities_list_should_not_be_empty() {
    // Write code here that turns the phrase above into concrete actions
    throw new io.cucumber.java.PendingException();
}

2026-05-18 15:30:58.666 [TestNG-tests-1] INFO  com.cognizant.project.listeners.TestListener - ===== Suite Finished : Edge - Cucumber BDD Tests =====
2026-05-18 15:30:58.666 [TestNG-tests-1] INFO  com.cognizant.project.listeners.TestListener - Passed: 0 | Failed: 5 | Skipped: 0
2026-05-18 15:30:58.699 [TestNG-tests-1] INFO  com.cognizant.project.listeners.TestListener - ===== Suite Started : Edge - TestNG Tests =====
2026-05-18 15:31:13.820 [TestNG-tests-1] INFO  com.cognizant.project.listeners.TestListener - Test Started  : testHospitalSearch
2026-05-18 15:31:16.454 [TestNG-tests-2] INFO  com.cognizant.project.listeners.TestListener - Test Started  : testHospitalSearch
2026-05-18 15:31:28.663 [TestNG-tests-2] INFO  com.cognizant.project.listeners.TestListener - Screenshot saved: reports/screenshots/testHospitalSearch_20260518_153128.png
2026-05-18 15:31:28.672 [TestNG-tests-2] ERROR com.cognizant.project.listeners.TestListener - Test FAILED   : testHospitalSearch | Reason: no such element: Unable to locate element: {"method":"xpath","selector":"//div[text()='Bangalore']"}
  (Session info: chrome=146.0.7680.178)
For documentation on this error, please visit: https://www.selenium.dev/documentation/webdriver/troubleshooting/errors#no-such-element-exception
Build info: version: '4.18.1', revision: 'b1d3319b48'
System info: os.name: 'Windows 11', os.arch: 'amd64', os.version: '10.0', java.version: '25.0.1'
Driver info: org.openqa.selenium.chrome.ChromeDriver
Command: [06ac22b0b1e638c728b17fce39be0535, findElement {using=xpath, value=//div[text()='Bangalore']}]
Capabilities {acceptInsecureCerts: false, browserName: chrome, browserVersion: 146.0.7680.178, chrome: {chromedriverVersion: 146.0.7680.165 (4b989da09e1..., userDataDir: C:\Users\2485871\AppData\Lo...}, fedcm:accounts: true, goog:chromeOptions: {debuggerAddress: localhost:59475}, goog:processID: 47252, networkConnectionEnabled: false, pageLoadStrategy: normal, platformName: windows, proxy: Proxy(), se:cdp: ws://localhost:59475/devtoo..., se:cdpVersion: 146.0.7680.178, setWindowRect: true, strictFileInteractability: false, timeouts: {implicit: 0, pageLoad: 300000, script: 30000}, unhandledPromptBehavior: dismiss and notify, webauthn:extension:credBlob: true, webauthn:extension:largeBlob: true, webauthn:extension:minPinLength: true, webauthn:extension:prf: true, webauthn:virtualAuthenticators: true}
Session ID: 06ac22b0b1e638c728b17fce39be0535
2026-05-18 15:31:28.697 [TestNG-tests-2] INFO  com.cognizant.project.listeners.TestListener - Test Started  : testTopCities
2026-05-18 15:31:39.054 [TestNG-tests-2] INFO  com.cognizant.project.listeners.TestListener - Screenshot saved: reports/screenshots/testTopCities_20260518_153138.png
2026-05-18 15:31:39.054 [TestNG-tests-2] ERROR com.cognizant.project.listeners.TestListener - Test FAILED   : testTopCities | Reason: no such element: Unable to locate element: {"method":"xpath","selector":"//*[text()='Lab Tests']"}
  (Session info: chrome=146.0.7680.178)
For documentation on this error, please visit: https://www.selenium.dev/documentation/webdriver/troubleshooting/errors#no-such-element-exception
Build info: version: '4.18.1', revision: 'b1d3319b48'
System info: os.name: 'Windows 11', os.arch: 'amd64', os.version: '10.0', java.version: '25.0.1'
Driver info: org.openqa.selenium.chrome.ChromeDriver
Command: [06ac22b0b1e638c728b17fce39be0535, findElement {using=xpath, value=//*[text()='Lab Tests']}]
Capabilities {acceptInsecureCerts: false, browserName: chrome, browserVersion: 146.0.7680.178, chrome: {chromedriverVersion: 146.0.7680.165 (4b989da09e1..., userDataDir: C:\Users\2485871\AppData\Lo...}, fedcm:accounts: true, goog:chromeOptions: {debuggerAddress: localhost:59475}, goog:processID: 47252, networkConnectionEnabled: false, pageLoadStrategy: normal, platformName: windows, proxy: Proxy(), se:cdp: ws://localhost:59475/devtoo..., se:cdpVersion: 146.0.7680.178, setWindowRect: true, strictFileInteractability: false, timeouts: {implicit: 0, pageLoad: 300000, script: 30000}, unhandledPromptBehavior: dismiss and notify, webauthn:extension:credBlob: true, webauthn:extension:largeBlob: true, webauthn:extension:minPinLength: true, webauthn:extension:prf: true, webauthn:virtualAuthenticators: true}
Session ID: 06ac22b0b1e638c728b17fce39be0535
2026-05-18 15:31:39.059 [TestNG-tests-2] INFO  com.cognizant.project.listeners.TestListener - Test Started  : testCorporateForm
2026-05-18 15:31:48.475 [TestNG-tests-2] INFO  com.cognizant.project.listeners.TestListener - Test PASSED   : testCorporateForm
2026-05-18 15:31:55.337 [TestNG-tests-2] INFO  com.cognizant.project.listeners.TestListener - ===== Suite Finished : Chrome - TestNG Tests =====
2026-05-18 15:31:55.337 [TestNG-tests-2] INFO  com.cognizant.project.listeners.TestListener - Passed: 1 | Failed: 2 | Skipped: 0
2026-05-18 15:32:38.107 [TestNG-tests-1] INFO  com.cognizant.project.listeners.TestListener - Test PASSED   : testHospitalSearch
2026-05-18 15:32:38.110 [TestNG-tests-1] INFO  com.cognizant.project.listeners.TestListener - Test Started  : testTopCities
2026-05-18 15:32:43.911 [TestNG-tests-1] INFO  com.cognizant.project.listeners.TestListener - Test PASSED   : testTopCities
2026-05-18 15:32:43.913 [TestNG-tests-1] INFO  com.cognizant.project.listeners.TestListener - Test Started  : testCorporateForm
2026-05-18 15:32:51.089 [TestNG-tests-1] INFO  com.cognizant.project.listeners.TestListener - Test PASSED   : testCorporateForm
2026-05-18 15:32:57.278 [TestNG-tests-1] INFO  com.cognizant.project.listeners.TestListener - ===== Suite Finished : Edge - TestNG Tests =====
2026-05-18 15:32:57.278 [TestNG-tests-1] INFO  com.cognizant.project.listeners.TestListener - Passed: 3 | Failed: 0 | Skipped: 0
